// Jest Snapshot v1, https://goo.gl/fbAQLP

exports[`utils/git-utils Has Correct API 1`] = `
Array [
  "commitPackage",
]
`;
