// Jest Snapshot v1, https://goo.gl/fbAQLP

exports[`encryption-utils Has Correct API 1`] = `
Array [
  "encryptPassword",
  "comparePassword",
]
`;
