// Jest Snapshot v1, https://goo.gl/fbAQLP

exports[`utils/npm-utils Has Correct API 1`] = `
Array [
  "initPackage",
]
`;
