// Jest Snapshot v1, https://goo.gl/fbAQLP

exports[`error-utils Has Correct API 1`] = `
Array [
  "ALMError",
]
`;
