// Jest Snapshot v1, https://goo.gl/fbAQLP

exports[`general-utils Has Correct API 1`] = `
Array [
  "ErrorTypes",
  "InvalidEmail",
  "validateEmail",
]
`;
