// Jest Snapshot v1, https://goo.gl/fbAQLP

exports[`utils/fs-utils Has Correct API 1`] = `
Array [
  "initPackageCli",
]
`;
