// Jest Snapshot v1, https://goo.gl/fbAQLP

exports[`koa-utils Has Correct API 1`] = `
Array [
  "ErrorTypes",
  "MissingQueryParameterError",
  "MissingBodyProperty",
  "InvalidEmail",
  "errorHandler",
  "validateQueryParamsAll",
  "validateQueryParamsAny",
  "validateBodyProps",
  "validateEmail",
]
`;
